// Jest Snapshot v1, https://goo.gl/fbAQLP

exports[`createExpandableButton works with large container 1`] = `"<svg aria-hidden=\\"true\\" focusable=\\"false\\" data-prefix=\\"fas\\" data-icon=\\"chevron-down\\" class=\\"svg-inline--fa fa-chevron-down\\" role=\\"img\\" xmlns=\\"http://www.w3.org/2000/svg\\" viewBox=\\"0 0 512 512\\"><path fill=\\"currentColor\\" d=\\"M233.4 406.6c12.5 12.5 32.8 12.5 45.3 0l192-192c12.5-12.5 12.5-32.8 0-45.3s-32.8-12.5-45.3 0L256 338.7 86.6 169.4c-12.5-12.5-32.8-12.5-45.3 0s-12.5 32.8 0 45.3l192 192z\\"></path></svg>blabla<svg aria-hidden=\\"true\\" focusable=\\"false\\" data-prefix=\\"fas\\" data-icon=\\"chevron-down\\" class=\\"svg-inline--fa fa-chevron-down\\" role=\\"img\\" xmlns=\\"http://www.w3.org/2000/svg\\" viewBox=\\"0 0 512 512\\"><path fill=\\"currentColor\\" d=\\"M233.4 406.6c12.5 12.5 32.8 12.5 45.3 0l192-192c12.5-12.5 12.5-32.8 0-45.3s-32.8-12.5-45.3 0L256 338.7 86.6 169.4c-12.5-12.5-32.8-12.5-45.3 0s-12.5 32.8 0 45.3l192 192z\\"></path></svg>"`;

exports[`createExpandableButton works with small container 1`] = `"<svg aria-hidden=\\"true\\" focusable=\\"false\\" data-prefix=\\"fas\\" data-icon=\\"chevron-down\\" class=\\"svg-inline--fa fa-chevron-down\\" role=\\"img\\" xmlns=\\"http://www.w3.org/2000/svg\\" viewBox=\\"0 0 512 512\\"><path fill=\\"currentColor\\" d=\\"M233.4 406.6c12.5 12.5 32.8 12.5 45.3 0l192-192c12.5-12.5 12.5-32.8 0-45.3s-32.8-12.5-45.3 0L256 338.7 86.6 169.4c-12.5-12.5-32.8-12.5-45.3 0s-12.5 32.8 0 45.3l192 192z\\"></path></svg>"`;

exports[`createGroup works 1`] = `"<span></span>"`;

exports[`createPanel works 1`] = `"<span></span>"`;

exports[`createPanel works 2`] = `
Array [
  Array [
    "click",
    [Function],
  ],
  Array [
    "hover",
    [Function],
  ],
]
`;

exports[`createSearchBar works 1`] = `"<input type=\\"text\\" placeholder=\\"no res\\" id=\\"mysrch-input\\" autocomplete=\\"off\\"><span class=\\"gvs-search-bar-icon\\"><svg aria-hidden=\\"true\\" focusable=\\"false\\" data-prefix=\\"fas\\" data-icon=\\"magnifying-glass\\" class=\\"svg-inline--fa fa-magnifying-glass\\" role=\\"img\\" xmlns=\\"http://www.w3.org/2000/svg\\" viewBox=\\"0 0 512 512\\"><path fill=\\"currentColor\\" d=\\"M416 208c0 45.9-14.9 88.3-40 122.7L502.6 457.4c12.5 12.5 12.5 32.8 0 45.3s-32.8 12.5-45.3 0L330.7 376c-34.4 25.2-76.8 40-122.7 40C93.1 416 0 322.9 0 208S93.1 0 208 0S416 93.1 416 208zM208 352a144 144 0 1 0 0-288 144 144 0 1 0 0 288z\\"></path></svg></span><div id=\\"mysrch-panel\\" class=\\"gvs-panel gvs-widget-bg gvs-hidden gvs-search-bar-results\\"></div>"`;

exports[`fa works 1`] = `
<svg
  aria-hidden="true"
  class="svg-inline--fa fa-chevron-down"
  data-icon="chevron-down"
  data-prefix="fas"
  focusable="false"
  role="img"
  viewBox="0 0 512 512"
  xmlns="http://www.w3.org/2000/svg"
>
  <path
    d="M233.4 406.6c12.5 12.5 32.8 12.5 45.3 0l192-192c12.5-12.5 12.5-32.8 0-45.3s-32.8-12.5-45.3 0L256 338.7 86.6 169.4c-12.5-12.5-32.8-12.5-45.3 0s-12.5 32.8 0 45.3l192 192z"
    fill="currentColor"
  />
</svg>
`;

exports[`fat works 1`] = `"<svg aria-hidden=\\"true\\" focusable=\\"false\\" data-prefix=\\"fas\\" data-icon=\\"chevron-down\\" class=\\"svg-inline--fa fa-chevron-down\\" role=\\"img\\" xmlns=\\"http://www.w3.org/2000/svg\\" viewBox=\\"0 0 512 512\\"><path fill=\\"currentColor\\" d=\\"M233.4 406.6c12.5 12.5 32.8 12.5 45.3 0l192-192c12.5-12.5 12.5-32.8 0-45.3s-32.8-12.5-45.3 0L256 338.7 86.6 169.4c-12.5-12.5-32.8-12.5-45.3 0s-12.5 32.8 0 45.3l192 192z\\"></path></svg>"`;
